
=====================================================
🚨 [B2B SUBSCRIPTION ORDER RECEIVED - OFFICIAL DISPATCH]
-----------------------------------------------------
Target Notification Email : alihandivanli8@gmail.com
Target Technical Phone    : +90 541 520 84 14
Timestamp                 : 2026-08-27T05:19:20.193Z
Order Reference           : ORD-1
Institution Name          : Lycée d'Excellence Dakar
Contact Representative    : M. Ousmane Diop (Müdür) (+221 77 123 4567)
Enrolled Students Count   : 500
Selected Package Plan     : Daara Pro ($2 / Student / Month)
One-Time Setup Fee        : $500 USD (Authorized Service Dispatch)
Monthly Invoice Total     : $1.000 USD / Month
Annual Contract Total     : $12.000 USD / Year
=====================================================

=====================================================
🚨 [B2B SUBSCRIPTION ORDER RECEIVED - OFFICIAL DISPATCH]
-----------------------------------------------------
Target Notification Email : alihandivanli8@gmail.com
Target Technical Phone    : +90 541 520 84 14
Timestamp                 : 2026-08-27T05:20:15.975Z
Order Reference           : ORD-2
Institution Name          : Lycée d'Excellence Dakar
Contact Representative    : M. Ousmane Diop (Müdür) (+90 5415208414)
Enrolled Students Count   : 500
Selected Package Plan     : Daara Enterprise ($3 / Student / Month)
One-Time Setup Fee        : $700 USD (Authorized Service Dispatch)
Monthly Invoice Total     : $1.500 USD / Month
Annual Contract Total     : $18.000 USD / Year
=====================================================

=====================================================
🚨 [B2B SUBSCRIPTION ORDER RECEIVED - OFFICIAL DISPATCH]
-----------------------------------------------------
Target Notification Email : alihandivanli8@gmail.com
Target Technical Phone    : +90 541 520 84 14
Timestamp                 : 2026-08-27T05:20:33.330Z
Order Reference           : ORD-3
Institution Name          : Lycee d Excellence Dakar
Contact Representative    : M. Ousmane Diop (+221 77 123 4567)
Enrolled Students Count   : 500
Selected Package Plan     : Daara Pro ($2 / Student / Month)
One-Time Setup Fee        : $500 USD (Authorized Service Dispatch)
Monthly Invoice Total     : $1.000 USD / Month
Annual Contract Total     : $12.000 USD / Year
=====================================================

=====================================================
🚨 [B2B SUBSCRIPTION ORDER RECEIVED - OFFICIAL DISPATCH]
-----------------------------------------------------
Target Notification Email : alihandivanli8@gmail.com
Target Technical Phone    : +90 541 520 84 14
Timestamp                 : 2026-08-27T05:21:02.270Z
Order Reference           : ORD-4
Institution Name          : Lycée d'Excellence Dakar
Contact Representative    : M. Ousmane Diop (Müdür) (+90 5415208414)
Enrolled Students Count   : 500
Selected Package Plan     : Daara Enterprise ($3 / Student / Month)
One-Time Setup Fee        : $700 USD (Authorized Service Dispatch)
Monthly Invoice Total     : $1.500 USD / Month
Annual Contract Total     : $18.000 USD / Year
=====================================================

NEW B2B SUBSCRIPTION ORDER RECEIVED
-----------------------------------------------------
Order Ref: ORD-5
School Name: Lycee d Excellence Dakar
Contact Person: M. Ousmane Diop
Phone: +221 77 123 4567
Email: direction@ecole.sn
Enrolled Students: 500
Selected Package: Daara Pro ($2 / Student / Month)
One-Time Setup Fee: $500 USD (Authorized Service Dispatch)
Monthly Invoice Total: $1.000 USD / Month
Annual Contract Total: $12.000 USD / Year
Target Management: alihandivanli8@gmail.com | +90 541 520 84 14

NEW B2B SUBSCRIPTION ORDER RECEIVED
-----------------------------------------------------
Order Ref: ORD-6
School Name: Lycée d'Excellence Dakar
Contact Person: M. Ousmane Diop (Principal)
Phone: +90 5415208414
Email: alihandivanli14@gmail.com
Enrolled Students: 500
Selected Package: Daara Enterprise ($3 / Student / Month)
One-Time Setup Fee: $700 USD (Authorized Service Dispatch)
Monthly Invoice Total: $1.500 USD / Month
Annual Contract Total: $18.000 USD / Year
Target Management: alihandivanli8@gmail.com | +90 541 520 84 14

NEW B2B SUBSCRIPTION ORDER RECEIVED
-----------------------------------------------------
Order Ref: ORD-7
School Name: Lycée d'Excellence Dakar
Contact Person: M. Ousmane Diop
Phone: +221 77 123 4567
Email: direction@ecole.sn
Enrolled Students: 500
Selected Package: Daara Basic ($1 / Student / Month)
One-Time Setup Fee: $300 USD (Authorized Service Dispatch)
Monthly Invoice Total: $500 USD / Month
Annual Contract Total: $6.000 USD / Year
Target Management: alihandivanli8@gmail.com | +90 541 520 84 14

NEW B2B SUBSCRIPTION ORDER RECEIVED
-----------------------------------------------------
Order Ref: ORD-8
School Name: Audit Academy Senegal
Contact Person: Director Test
Phone: +221 77 000 0000
Email: director@audit.sn
Enrolled Students: 750
Selected Package: Daara Enterprise ($3 / Student / Month)
One-Time Setup Fee: $700 USD (Authorized Service Dispatch)
Monthly Invoice Total: $2.250 USD / Month
Annual Contract Total: $27.000 USD / Year
Target Management: alihandivanli8@gmail.com | +90 541 520 84 14
